// Jest Snapshot v1, https://goo.gl/fbAQLP

exports[`PortableText Vue Renderer renders a table 1`] = `
"<table>
  <tr>
    <td>Ivan</td>
    <td>Jiri</td>
  </tr>
  <tr>
    <td>Ondra</td>
    <td>Dan</td>
  </tr>
</table>"
`;

exports[`PortableText Vue Renderer renders an image 1`] = `
"<p>some text before an asset</p>
<img src="https://assets-us-01.kc-usercontent.com:443/cec32064-07dd-00ff-2101-5bde13c9e30c/7d534724-edb8-4a6d-92f6-feb52be61d37/image1_w_metadata.jpg" alt="alternative_text">"
`;

exports[`PortableText Vue Renderer renders simple HTML from portable text 1`] = `"<p>some text in a paragraph</p>"`;
