// Jest Snapshot v1, https://goo.gl/fbAQLP

exports[`HTML resolution builds basic portable text into HTML 1`] = `"<p><br/></p><p>text<a href="http://google.com" data-new-window="true" title="linktitle" target="_blank" rel="noopener noreferrer"><strong>link</strong></a></p><h1>heading</h1><p><br/></p>"`;

exports[`HTML resolution by default resolves text styled with sub and sup 1`] = `"<p><sub>Subscript text</sub><sup>Superscript text</sup></p>"`;

exports[`HTML resolution resolves a link using default fallback 1`] = `"<p><a href="https://website.com/12345" target="_blank" rel="noopener noreferrer">link</a></p>"`;

exports[`HTML resolution resolves a linked item 1`] = `"<p>resolved value of text_element: <strong>random text value</strong></p><p>text after component</p>"`;

exports[`HTML resolution resolves a table using default fallback 1`] = `"<table><tbody><tr><td><p>Ivan</p></td><td><p>Jiri</p></td></tr><tr><td><p>Ondra</p></td><td><p>Dan</p></td></tr></tbody></table>"`;

exports[`HTML resolution resolves an asset 1`] = `"<img src="https://assets-us-01.kc-usercontent.com:443/cec32064-07dd-00ff-2101-5bde13c9e30c/3594632c-d9bb-4197-b7da-2698b0dab409/Riesachsee_Dia_1_1963_%C3%96sterreich_16k_3063.jpg" alt="">"`;

exports[`HTML resolution resolves an asset with custom resolver 1`] = `"<img src="https://assets-us-01.kc-usercontent.com:443/cec32064-07dd-00ff-2101-5bde13c9e30c/3594632c-d9bb-4197-b7da-2698b0dab409/Riesachsee_Dia_1_1963_%C3%96sterreich_16k_3063.jpg" alt="" height="800">"`;

exports[`HTML resolution resolves internal link 1`] = `"<p><a href="https://website.com/23f71096-fa89-4f59-a3f9-970e970944ec"><em>item</em></a></p>"`;

exports[`HTML resolution resolves styled text with line breaks 1`] = `"<p><strong>Strong text with line break<br/>Strong text with line break</strong></p>"`;

exports[`HTML resolution resolves superscript with custom resolver 1`] = `"<p><sup custom-attribute="value">Superscript text</sup></p>"`;

exports[`HTML resolution uses custom resolver for image, fallbacks to default for a table 1`] = `"<table><tbody><tr><td><p>Ivan</p></td><td><p>Jiri</p></td></tr><tr><td><p>Ondra</p></td><td><p>Dan</p></td></tr></tbody></table><img src="https://assets-us-01.kc-usercontent.com:443/cec32064-07dd-00ff-2101-5bde13c9e30c/3594632c-d9bb-4197-b7da-2698b0dab409/Riesachsee_Dia_1_1963_%C3%96sterreich_16k_3063.jpg" alt="" height="800">"`;
